// Jest Snapshot v1, https://goo.gl/fbAQLP

exports[`<EventList /> renders 1`] = `
<div
  class="EventList"
>
  <h4>
    User List
  </h4>
  <ul>
    <li>
      <a
        href="/UserInfo/1"
      >
        Welly
      </a>
    </li>
  </ul>
</div>
`;
